{0}{25}{y:i}Hello!
{10}{25}{y:b}Hello!
{20}{25}{y:u}Hello!
{30}{25}{y:s}Hello!
{55}{25}{f:Arial}Hello!
{0}{25}{s:10}Hello!
{0}{25}{c:$0000FF}Hello!
{0}{25}{P:X,Y}Hello!
{0}{25}Hello! How are you?
{0}{25}Hello!|How are you?
{0}{25}{Y:i}Hello!|How are you?
{0}{25}{y:i}Hello!|{y:b}How are you?|{y:u}Hello?
{0}{25}{c:$0000FF}{y:b}{y:u}{f:DeJaVuSans}{s:12}Hello!
{0}{25}{Y:i}{y:u}Hello!|How are you?
